2026-06-07 18:55:08 | INFO  | ==================================================
2026-06-07 18:55:08 | INFO  | D2 合并去噪脚本启动
2026-06-07 18:55:08 | INFO  | 输入: user_behavior.json + tool_result.json
2026-06-07 18:55:08 | INFO  | 读取输入文件成功 | user=6, tool=3
2026-06-07 18:55:08 | DEBUG | user_behavior 未知字段 | idx=0, warnings=['未知字段: action']
2026-06-07 18:55:08 | DEBUG | user_behavior 未知字段 | idx=1, warnings=['未知字段: action']
2026-06-07 18:55:08 | DEBUG | user_behavior 未知字段 | idx=2, warnings=['未知字段: action']
2026-06-07 18:55:08 | DEBUG | user_behavior 未知字段 | idx=3, warnings=['未知字段: action']
2026-06-07 18:55:08 | DEBUG | user_behavior 未知字段 | idx=4, warnings=['未知字段: action']
2026-06-07 18:55:08 | ERROR | user_behavior 字段校验失败 | idx=5, errors=['缺少必需字段: content', '缺少必需字段: uid']
2026-06-07 18:55:08 | DEBUG | user_behavior 未知字段 | idx=5, warnings=['未知字段: timestamp', '未知字段: text', '未知字段: user_id']
2026-06-07 18:55:08 | WARNING | tool_result 缺失时间字段 | idx=0, uid=None
2026-06-07 18:55:08 | WARNING | tool_result 缺失时间字段 | idx=1, uid=None
2026-06-07 18:55:08 | WARNING | tool_result 缺失时间字段 | idx=2, uid=None
2026-06-07 18:55:08 | INFO  | 完成字段归一化和文本清洗 | valid=9, total=9
2026-06-07 18:55:08 | INFO  | 完成三级去重 | after_dedup=6, dropped=3
2026-06-07 18:55:08 | INFO  | 时间解析统计 | failed=0, missing=2
2026-06-07 18:55:08 | INFO  | 输出写入完成 | path=D:\藏数据\merged.jsonl, records=6
2026-06-07 18:55:08 | INFO  | ==================================================
2026-06-07 18:55:08 | INFO  | D2 合并去噪脚本完成 | total_input=9, valid_output=6
2026-06-07 19:55:34 | INFO  | ==================================================
2026-06-07 19:55:34 | INFO  | D2 合并去噪脚本启动
2026-06-07 19:55:34 | INFO  | 输入: user_behavior.json + tool_result.json
2026-06-07 19:55:34 | INFO  | 读取输入文件成功 | user=6, tool=3
2026-06-07 19:55:34 | DEBUG | user_behavior 未知字段 | idx=0, warnings=['未知字段: action']
2026-06-07 19:55:34 | DEBUG | user_behavior 未知字段 | idx=1, warnings=['未知字段: action']
2026-06-07 19:55:34 | DEBUG | user_behavior 未知字段 | idx=2, warnings=['未知字段: action']
2026-06-07 19:55:34 | DEBUG | user_behavior 未知字段 | idx=3, warnings=['未知字段: action']
2026-06-07 19:55:34 | DEBUG | user_behavior 未知字段 | idx=4, warnings=['未知字段: action']
2026-06-07 19:55:34 | ERROR | user_behavior 字段校验失败 | idx=5, errors=['缺少必需字段: content', '缺少必需字段: uid']
2026-06-07 19:55:34 | DEBUG | user_behavior 未知字段 | idx=5, warnings=['未知字段: text', '未知字段: timestamp', '未知字段: user_id']
2026-06-07 19:55:34 | WARNING | tool_result 缺失时间字段 | idx=0, uid=None
2026-06-07 19:55:34 | WARNING | tool_result 缺失时间字段 | idx=1, uid=None
2026-06-07 19:55:34 | WARNING | tool_result 缺失时间字段 | idx=2, uid=None
2026-06-07 19:55:34 | INFO  | 完成字段归一化和文本清洗 | valid=9, total=9
2026-06-07 19:55:34 | INFO  | 完成三级去重 | after_dedup=6, dropped=3
2026-06-07 19:55:34 | INFO  | 时间解析统计 | failed=0, missing=2
2026-06-07 19:55:34 | INFO  | 输出写入完成 | path=D:\藏数据\merged.jsonl, records=6
2026-06-07 19:55:34 | INFO  | ==================================================
2026-06-07 19:55:34 | INFO  | D2 合并去噪脚本完成 | total_input=9, valid_output=6
2026-06-07 19:55:46 | INFO  | ==================================================
2026-06-07 19:55:46 | INFO  | D2 合并去噪脚本启动
2026-06-07 19:55:46 | INFO  | 输入: user_behavior.json + tool_result.json
2026-06-07 19:55:46 | INFO  | 读取输入文件成功 | user=6, tool=3
2026-06-07 19:55:46 | DEBUG | user_behavior 未知字段 | idx=0, warnings=['未知字段: action']
2026-06-07 19:55:46 | DEBUG | user_behavior 未知字段 | idx=1, warnings=['未知字段: action']
2026-06-07 19:55:46 | DEBUG | user_behavior 未知字段 | idx=2, warnings=['未知字段: action']
2026-06-07 19:55:46 | DEBUG | user_behavior 未知字段 | idx=3, warnings=['未知字段: action']
2026-06-07 19:55:46 | DEBUG | user_behavior 未知字段 | idx=4, warnings=['未知字段: action']
2026-06-07 19:55:46 | ERROR | user_behavior 字段校验失败 | idx=5, errors=['缺少必需字段: uid', '缺少必需字段: content']
2026-06-07 19:55:46 | DEBUG | user_behavior 未知字段 | idx=5, warnings=['未知字段: timestamp', '未知字段: text', '未知字段: user_id']
2026-06-07 19:55:46 | WARNING | tool_result 缺失时间字段 | idx=0, uid=None
2026-06-07 19:55:46 | WARNING | tool_result 缺失时间字段 | idx=1, uid=None
2026-06-07 19:55:46 | WARNING | tool_result 缺失时间字段 | idx=2, uid=None
2026-06-07 19:55:46 | INFO  | 完成字段归一化和文本清洗 | valid=9, total=9
2026-06-07 19:55:46 | INFO  | 完成三级去重 | after_dedup=6, dropped=3
2026-06-07 19:55:46 | INFO  | 时间解析统计 | failed=0, missing=2
2026-06-07 19:55:46 | INFO  | 输出写入完成 | path=D:\藏数据\merged.jsonl, records=6
2026-06-07 19:55:46 | INFO  | ==================================================
2026-06-07 19:55:46 | INFO  | D2 合并去噪脚本完成 | total_input=9, valid_output=6
2026-06-07 19:56:17 | INFO  | ==================================================
2026-06-07 19:56:17 | INFO  | D2 合并去噪脚本启动
2026-06-07 19:56:17 | INFO  | 输入: user_behavior.json + tool_result.json
2026-06-07 19:56:17 | INFO  | 读取输入文件成功 | user=6, tool=3
2026-06-07 19:56:17 | DEBUG | user_behavior 未知字段 | idx=0, warnings=['未知字段: action']
2026-06-07 19:56:17 | DEBUG | user_behavior 未知字段 | idx=1, warnings=['未知字段: action']
2026-06-07 19:56:17 | DEBUG | user_behavior 未知字段 | idx=2, warnings=['未知字段: action']
2026-06-07 19:56:17 | DEBUG | user_behavior 未知字段 | idx=3, warnings=['未知字段: action']
2026-06-07 19:56:17 | DEBUG | user_behavior 未知字段 | idx=4, warnings=['未知字段: action']
2026-06-07 19:56:17 | ERROR | user_behavior 字段校验失败 | idx=5, errors=['缺少必需字段: uid', '缺少必需字段: content']
2026-06-07 19:56:17 | DEBUG | user_behavior 未知字段 | idx=5, warnings=['未知字段: text', '未知字段: timestamp', '未知字段: user_id']
2026-06-07 19:56:17 | WARNING | tool_result 缺失时间字段 | idx=0, uid=None
2026-06-07 19:56:17 | WARNING | tool_result 缺失时间字段 | idx=1, uid=None
2026-06-07 19:56:17 | WARNING | tool_result 缺失时间字段 | idx=2, uid=None
2026-06-07 19:56:17 | INFO  | 完成字段归一化和文本清洗 | valid=9, total=9
2026-06-07 19:56:17 | INFO  | 完成三级去重 | after_dedup=6, dropped=3
2026-06-07 19:56:17 | INFO  | 时间解析统计 | failed=0, missing=2
2026-06-07 19:56:17 | INFO  | 输出写入完成 | path=D:\藏数据\merged.jsonl, records=6
2026-06-07 19:56:17 | INFO  | ==================================================
2026-06-07 19:56:17 | INFO  | D2 合并去噪脚本完成 | total_input=9, valid_output=6
2026-06-07 19:57:18 | INFO  | ==================================================
2026-06-07 19:57:18 | INFO  | D2 合并去噪脚本启动
2026-06-07 19:57:18 | INFO  | 输入: user_behavior.json + tool_result.json
2026-06-07 19:57:18 | INFO  | 读取输入文件成功 | user=6, tool=3
2026-06-07 19:57:18 | DEBUG | user_behavior 未知字段 | idx=0, warnings=['未知字段: action']
2026-06-07 19:57:18 | DEBUG | user_behavior 未知字段 | idx=1, warnings=['未知字段: action']
2026-06-07 19:57:18 | DEBUG | user_behavior 未知字段 | idx=2, warnings=['未知字段: action']
2026-06-07 19:57:18 | DEBUG | user_behavior 未知字段 | idx=3, warnings=['未知字段: action']
2026-06-07 19:57:18 | DEBUG | user_behavior 未知字段 | idx=4, warnings=['未知字段: action']
2026-06-07 19:57:18 | ERROR | user_behavior 字段校验失败 | idx=5, errors=['缺少必需字段: uid', '缺少必需字段: content']
2026-06-07 19:57:18 | DEBUG | user_behavior 未知字段 | idx=5, warnings=['未知字段: text', '未知字段: user_id', '未知字段: timestamp']
2026-06-07 19:57:18 | WARNING | tool_result 缺失时间字段 | idx=0, uid=None
2026-06-07 19:57:18 | WARNING | tool_result 缺失时间字段 | idx=1, uid=None
2026-06-07 19:57:18 | WARNING | tool_result 缺失时间字段 | idx=2, uid=None
2026-06-07 19:57:18 | INFO  | 完成字段归一化和文本清洗 | valid=9, total=9
2026-06-07 19:57:18 | INFO  | 完成三级去重 | after_dedup=6, dropped=3
2026-06-07 19:57:18 | INFO  | 时间解析统计 | failed=0, missing=2
2026-06-07 19:57:18 | INFO  | 输出写入完成 | path=D:\藏数据\merged.jsonl, records=6
2026-06-07 19:57:18 | INFO  | ==================================================
2026-06-07 19:57:18 | INFO  | D2 合并去噪脚本完成 | total_input=9, valid_output=6
2026-06-07 20:03:50 | INFO  | ==================================================
2026-06-07 20:03:50 | INFO  | D2 合并去噪脚本启动
2026-06-07 20:03:50 | INFO  | 输入: user_behavior.json + tool_result.json
2026-06-07 20:03:50 | INFO  | 读取输入文件成功 | user=6, tool=3
2026-06-07 20:03:50 | DEBUG | user_behavior 未知字段 | idx=0, warnings=['未知字段: action']
2026-06-07 20:03:50 | DEBUG | user_behavior 未知字段 | idx=1, warnings=['未知字段: action']
2026-06-07 20:03:50 | DEBUG | user_behavior 未知字段 | idx=2, warnings=['未知字段: action']
2026-06-07 20:03:50 | DEBUG | user_behavior 未知字段 | idx=3, warnings=['未知字段: action']
2026-06-07 20:03:50 | DEBUG | user_behavior 未知字段 | idx=4, warnings=['未知字段: action']
2026-06-07 20:03:50 | ERROR | user_behavior 字段校验失败 | idx=5, errors=['缺少必需字段: content', '缺少必需字段: uid']
2026-06-07 20:03:50 | DEBUG | user_behavior 未知字段 | idx=5, warnings=['未知字段: text', '未知字段: timestamp', '未知字段: user_id']
2026-06-07 20:03:50 | WARNING | tool_result 缺失时间字段 | idx=0, uid=None
2026-06-07 20:03:50 | WARNING | tool_result 缺失时间字段 | idx=1, uid=None
2026-06-07 20:03:50 | WARNING | tool_result 缺失时间字段 | idx=2, uid=None
2026-06-07 20:03:50 | INFO  | 完成字段归一化和文本清洗 | valid=9, total=9
2026-06-07 20:03:50 | INFO  | 完成三级去重 | after_dedup=6, dropped=3
2026-06-07 20:03:50 | INFO  | 时间解析统计 | failed=0, missing=2
2026-06-07 20:03:50 | INFO  | 输出写入完成 | path=D:\藏数据\merged.jsonl, records=6
2026-06-07 20:03:50 | INFO  | ==================================================
2026-06-07 20:03:50 | INFO  | D2 合并去噪脚本完成 | total_input=9, valid_output=6
2026-06-07 20:06:15 | INFO  | ==================================================
2026-06-07 20:06:15 | INFO  | D2 合并去噪脚本启动
2026-06-07 20:06:15 | INFO  | 输入: user_behavior.json + tool_result.json
2026-06-07 20:06:15 | INFO  | 读取输入文件成功 | user=6, tool=3
2026-06-07 20:06:15 | DEBUG | user_behavior 未知字段 | idx=0, warnings=['未知字段: action']
2026-06-07 20:06:15 | DEBUG | user_behavior 未知字段 | idx=1, warnings=['未知字段: action']
2026-06-07 20:06:15 | DEBUG | user_behavior 未知字段 | idx=2, warnings=['未知字段: action']
2026-06-07 20:06:15 | DEBUG | user_behavior 未知字段 | idx=3, warnings=['未知字段: action']
2026-06-07 20:06:15 | DEBUG | user_behavior 未知字段 | idx=4, warnings=['未知字段: action']
2026-06-07 20:06:15 | ERROR | user_behavior 字段校验失败 | idx=5, errors=['缺少必需字段: content', '缺少必需字段: uid']
2026-06-07 20:06:15 | DEBUG | user_behavior 未知字段 | idx=5, warnings=['未知字段: timestamp', '未知字段: text', '未知字段: user_id']
2026-06-07 20:06:15 | WARNING | tool_result 缺失时间字段 | idx=0, uid=None
2026-06-07 20:06:15 | WARNING | tool_result 缺失时间字段 | idx=1, uid=None
2026-06-07 20:06:15 | WARNING | tool_result 缺失时间字段 | idx=2, uid=None
2026-06-07 20:06:15 | INFO  | 完成字段归一化和文本清洗 | valid=9, total=9
2026-06-07 20:06:15 | INFO  | 完成三级去重 | after_dedup=6, dropped=3
2026-06-07 20:06:15 | INFO  | 时间解析统计 | failed=0, missing=2
2026-06-07 20:06:15 | INFO  | 输出写入完成 | path=D:\藏数据\merged.jsonl, records=6
2026-06-07 20:06:15 | INFO  | ==================================================
2026-06-07 20:06:15 | INFO  | D2 合并去噪脚本完成 | total_input=9, valid_output=6
2026-06-07 21:36:42 | INFO  | ==================================================
2026-06-07 21:36:42 | INFO  | D2 合并去噪脚本启动
2026-06-07 21:36:42 | INFO  | 输入: user_behavior.json + tool_result.json
2026-06-07 21:36:42 | INFO  | 读取输入文件成功 | user=6, tool=3
2026-06-07 21:36:42 | DEBUG | user_behavior 未知字段 | idx=0, warnings=['未知字段: action']
2026-06-07 21:36:42 | DEBUG | user_behavior 未知字段 | idx=1, warnings=['未知字段: action']
2026-06-07 21:36:42 | DEBUG | user_behavior 未知字段 | idx=2, warnings=['未知字段: action']
2026-06-07 21:36:42 | DEBUG | user_behavior 未知字段 | idx=3, warnings=['未知字段: action']
2026-06-07 21:36:42 | DEBUG | user_behavior 未知字段 | idx=4, warnings=['未知字段: action']
2026-06-07 21:36:42 | ERROR | user_behavior 字段校验失败 | idx=5, errors=['缺少必需字段: uid', '缺少必需字段: content']
2026-06-07 21:36:42 | DEBUG | user_behavior 未知字段 | idx=5, warnings=['未知字段: text', '未知字段: timestamp', '未知字段: user_id']
2026-06-07 21:36:42 | WARNING | tool_result 缺失时间字段 | idx=0, uid=None
2026-06-07 21:36:42 | WARNING | tool_result 缺失时间字段 | idx=1, uid=None
2026-06-07 21:36:42 | WARNING | tool_result 缺失时间字段 | idx=2, uid=None
2026-06-07 21:36:42 | INFO  | 完成字段归一化和文本清洗 | valid=9, total=9
2026-06-07 21:36:42 | INFO  | 完成三级去重 | after_dedup=6, dropped=3
2026-06-07 21:36:42 | INFO  | 时间解析统计 | failed=0, missing=2
2026-06-07 21:36:42 | INFO  | 输出写入完成 | path=D:\藏数据\merged.jsonl, records=6
2026-06-07 21:36:42 | INFO  | ==================================================
2026-06-07 21:36:42 | INFO  | D2 合并去噪脚本完成 | total_input=9, valid_output=6
2026-06-07 21:37:06 | INFO  | ==================================================
2026-06-07 21:37:06 | INFO  | D2 合并去噪脚本启动
2026-06-07 21:37:06 | INFO  | 输入: user_behavior.json + tool_result.json
2026-06-07 21:37:06 | INFO  | 读取输入文件成功 | user=6, tool=3
2026-06-07 21:37:06 | DEBUG | user_behavior 未知字段 | idx=0, warnings=['未知字段: action']
2026-06-07 21:37:06 | DEBUG | user_behavior 未知字段 | idx=1, warnings=['未知字段: action']
2026-06-07 21:37:06 | DEBUG | user_behavior 未知字段 | idx=2, warnings=['未知字段: action']
2026-06-07 21:37:06 | DEBUG | user_behavior 未知字段 | idx=3, warnings=['未知字段: action']
2026-06-07 21:37:06 | DEBUG | user_behavior 未知字段 | idx=4, warnings=['未知字段: action']
2026-06-07 21:37:06 | ERROR | user_behavior 字段校验失败 | idx=5, errors=['缺少必需字段: uid', '缺少必需字段: content']
2026-06-07 21:37:06 | DEBUG | user_behavior 未知字段 | idx=5, warnings=['未知字段: text', '未知字段: user_id', '未知字段: timestamp']
2026-06-07 21:37:06 | WARNING | tool_result 缺失时间字段 | idx=0, uid=None
2026-06-07 21:37:06 | WARNING | tool_result 缺失时间字段 | idx=1, uid=None
2026-06-07 21:37:06 | WARNING | tool_result 缺失时间字段 | idx=2, uid=None
2026-06-07 21:37:06 | INFO  | 完成字段归一化和文本清洗 | valid=9, total=9
2026-06-07 21:37:06 | INFO  | 完成三级去重 | after_dedup=6, dropped=3
2026-06-07 21:37:06 | INFO  | 时间解析统计 | failed=0, missing=2
2026-06-07 21:37:06 | INFO  | 输出写入完成 | path=D:\藏数据\merged.jsonl, records=6
2026-06-07 21:37:06 | INFO  | ==================================================
2026-06-07 21:37:06 | INFO  | D2 合并去噪脚本完成 | total_input=9, valid_output=6
2026-06-08 08:44:18 | INFO  | ==================================================
2026-06-08 08:44:18 | INFO  | D2 合并去噪脚本启动
2026-06-08 08:44:18 | INFO  | 输入: user_behavior.json + tool_result.json
2026-06-08 08:44:18 | INFO  | 读取输入文件成功 | user=6, tool=3
2026-06-08 08:44:18 | DEBUG | user_behavior 未知字段 | idx=0, warnings=['未知字段: action']
2026-06-08 08:44:18 | DEBUG | user_behavior 未知字段 | idx=1, warnings=['未知字段: action']
2026-06-08 08:44:18 | DEBUG | user_behavior 未知字段 | idx=2, warnings=['未知字段: action']
2026-06-08 08:44:18 | DEBUG | user_behavior 未知字段 | idx=3, warnings=['未知字段: action']
2026-06-08 08:44:18 | DEBUG | user_behavior 未知字段 | idx=4, warnings=['未知字段: action']
2026-06-08 08:44:18 | ERROR | user_behavior 字段校验失败 | idx=5, errors=['缺少必需字段: content', '缺少必需字段: uid']
2026-06-08 08:44:18 | DEBUG | user_behavior 未知字段 | idx=5, warnings=['未知字段: text', '未知字段: timestamp', '未知字段: user_id']
2026-06-08 08:44:18 | WARNING | tool_result 缺失时间字段 | idx=0, uid=None
2026-06-08 08:44:18 | WARNING | tool_result 缺失时间字段 | idx=1, uid=None
2026-06-08 08:44:18 | WARNING | tool_result 缺失时间字段 | idx=2, uid=None
2026-06-08 08:44:18 | INFO  | 完成字段归一化和文本清洗 | valid=9, total=9
2026-06-08 08:44:18 | INFO  | 完成三级去重 | after_dedup=6, dropped=3
2026-06-08 08:44:18 | INFO  | 时间解析统计 | failed=0, missing=2
2026-06-08 08:44:18 | INFO  | 输出写入完成 | path=D:\藏数据\merged.jsonl, records=6
2026-06-08 08:44:18 | INFO  | ==================================================
2026-06-08 08:44:18 | INFO  | D2 合并去噪脚本完成 | total_input=9, valid_output=6
2026-06-08 09:22:45 | INFO  | ==================================================
2026-06-08 09:22:45 | INFO  | D2 合并去噪脚本启动
2026-06-08 09:22:45 | INFO  | 输入: user_behavior.json + tool_result.json
2026-06-08 09:22:45 | INFO  | 读取输入文件成功 | user=6, tool=3
2026-06-08 09:22:45 | DEBUG | user_behavior 未知字段 | idx=0, warnings=['未知字段: action']
2026-06-08 09:22:45 | DEBUG | user_behavior 未知字段 | idx=1, warnings=['未知字段: action']
2026-06-08 09:22:45 | DEBUG | user_behavior 未知字段 | idx=2, warnings=['未知字段: action']
2026-06-08 09:22:45 | DEBUG | user_behavior 未知字段 | idx=3, warnings=['未知字段: action']
2026-06-08 09:22:45 | DEBUG | user_behavior 未知字段 | idx=4, warnings=['未知字段: action']
2026-06-08 09:22:45 | ERROR | user_behavior 字段校验失败 | idx=5, errors=['缺少必需字段: content', '缺少必需字段: uid']
2026-06-08 09:22:45 | DEBUG | user_behavior 未知字段 | idx=5, warnings=['未知字段: user_id', '未知字段: timestamp', '未知字段: text']
2026-06-08 09:22:45 | WARNING | tool_result 缺失时间字段 | idx=0, uid=None
2026-06-08 09:22:45 | WARNING | tool_result 缺失时间字段 | idx=1, uid=None
2026-06-08 09:22:45 | WARNING | tool_result 缺失时间字段 | idx=2, uid=None
2026-06-08 09:22:45 | INFO  | 完成字段归一化和文本清洗 | valid=9, total=9
2026-06-08 09:22:45 | INFO  | 完成三级去重 | after_dedup=6, dropped=3
2026-06-08 09:22:45 | INFO  | 时间解析统计 | failed=0, missing=2
2026-06-08 09:22:45 | INFO  | 输出写入完成 | path=D:\藏数据\merged.jsonl, records=6
2026-06-08 09:22:45 | INFO  | ==================================================
2026-06-08 09:22:45 | INFO  | D2 合并去噪脚本完成 | total_input=9, valid_output=6
2026-06-08 09:25:26 | INFO  | ==================================================
2026-06-08 09:25:26 | INFO  | D2 合并去噪脚本启动
2026-06-08 09:25:26 | INFO  | 输入: user_behavior.json + tool_result.json
2026-06-08 09:25:26 | INFO  | 读取输入文件成功 | user=6, tool=3
2026-06-08 09:25:26 | DEBUG | user_behavior 未知字段 | idx=0, warnings=['未知字段: action']
2026-06-08 09:25:26 | DEBUG | user_behavior 未知字段 | idx=1, warnings=['未知字段: action']
2026-06-08 09:25:26 | DEBUG | user_behavior 未知字段 | idx=2, warnings=['未知字段: action']
2026-06-08 09:25:26 | DEBUG | user_behavior 未知字段 | idx=3, warnings=['未知字段: action']
2026-06-08 09:25:26 | DEBUG | user_behavior 未知字段 | idx=4, warnings=['未知字段: action']
2026-06-08 09:25:26 | ERROR | user_behavior 字段校验失败 | idx=5, errors=['缺少必需字段: uid', '缺少必需字段: content']
2026-06-08 09:25:26 | DEBUG | user_behavior 未知字段 | idx=5, warnings=['未知字段: user_id', '未知字段: text', '未知字段: timestamp']
2026-06-08 09:25:26 | WARNING | tool_result 缺失时间字段 | idx=0, uid=None
2026-06-08 09:25:26 | WARNING | tool_result 缺失时间字段 | idx=1, uid=None
2026-06-08 09:25:26 | WARNING | tool_result 缺失时间字段 | idx=2, uid=None
2026-06-08 09:25:26 | INFO  | 完成字段归一化和文本清洗 | valid=9, total=9
2026-06-08 09:25:26 | INFO  | 完成三级去重 | after_dedup=6, dropped=3
2026-06-08 09:25:26 | INFO  | 时间解析统计 | failed=0, missing=2
2026-06-08 09:25:26 | INFO  | 输出写入完成 | path=D:\藏数据\merged.jsonl, records=6
2026-06-08 09:25:26 | INFO  | ==================================================
2026-06-08 09:25:26 | INFO  | D2 合并去噪脚本完成 | total_input=9, valid_output=6
2026-06-08 09:36:22 | INFO  | ==================================================
2026-06-08 09:36:22 | INFO  | D2 合并去噪脚本启动
2026-06-08 09:36:22 | INFO  | 输入: user_behavior.json + tool_result.json
2026-06-08 09:36:22 | INFO  | 读取输入文件成功 | user=6, tool=3
2026-06-08 09:36:22 | DEBUG | user_behavior 未知字段 | idx=0, warnings=['未知字段: action']
2026-06-08 09:36:22 | DEBUG | user_behavior 未知字段 | idx=1, warnings=['未知字段: action']
2026-06-08 09:36:22 | DEBUG | user_behavior 未知字段 | idx=2, warnings=['未知字段: action']
2026-06-08 09:36:22 | DEBUG | user_behavior 未知字段 | idx=3, warnings=['未知字段: action']
2026-06-08 09:36:22 | DEBUG | user_behavior 未知字段 | idx=4, warnings=['未知字段: action']
2026-06-08 09:36:22 | ERROR | user_behavior 字段校验失败 | idx=5, errors=['缺少必需字段: content', '缺少必需字段: uid']
2026-06-08 09:36:22 | DEBUG | user_behavior 未知字段 | idx=5, warnings=['未知字段: timestamp', '未知字段: user_id', '未知字段: text']
2026-06-08 09:36:22 | WARNING | tool_result 缺失时间字段 | idx=0, uid=None
2026-06-08 09:36:22 | WARNING | tool_result 缺失时间字段 | idx=1, uid=None
2026-06-08 09:36:22 | WARNING | tool_result 缺失时间字段 | idx=2, uid=None
2026-06-08 09:36:22 | INFO  | 完成字段归一化和文本清洗 | valid=9, total=9
2026-06-08 09:36:22 | INFO  | 完成三级去重 | after_dedup=6, dropped=3
2026-06-08 09:36:22 | INFO  | 时间解析统计 | failed=0, missing=2
2026-06-08 09:36:22 | INFO  | 输出写入完成 | path=D:\藏数据\merged.jsonl, records=6
2026-06-08 09:36:22 | INFO  | ==================================================
2026-06-08 09:36:22 | INFO  | D2 合并去噪脚本完成 | total_input=9, valid_output=6
2026-06-08 09:44:31 | INFO  | ==================================================
2026-06-08 09:44:31 | INFO  | D2 合并去噪脚本启动
2026-06-08 09:44:31 | INFO  | 输入: user_behavior.json + tool_result.json
2026-06-08 09:44:31 | INFO  | 读取输入文件成功 | user=6, tool=3
2026-06-08 09:44:31 | DEBUG | user_behavior 未知字段 | idx=0, warnings=['未知字段: action']
2026-06-08 09:44:31 | DEBUG | user_behavior 未知字段 | idx=1, warnings=['未知字段: action']
2026-06-08 09:44:31 | DEBUG | user_behavior 未知字段 | idx=2, warnings=['未知字段: action']
2026-06-08 09:44:31 | DEBUG | user_behavior 未知字段 | idx=3, warnings=['未知字段: action']
2026-06-08 09:44:31 | DEBUG | user_behavior 未知字段 | idx=4, warnings=['未知字段: action']
2026-06-08 09:44:31 | ERROR | user_behavior 字段校验失败 | idx=5, errors=['缺少必需字段: uid', '缺少必需字段: content']
2026-06-08 09:44:31 | DEBUG | user_behavior 未知字段 | idx=5, warnings=['未知字段: text', '未知字段: user_id', '未知字段: timestamp']
2026-06-08 09:44:31 | WARNING | tool_result 缺失时间字段 | idx=0, uid=None
2026-06-08 09:44:31 | WARNING | tool_result 缺失时间字段 | idx=1, uid=None
2026-06-08 09:44:31 | WARNING | tool_result 缺失时间字段 | idx=2, uid=None
2026-06-08 09:44:31 | INFO  | 完成字段归一化和文本清洗 | valid=9, total=9
2026-06-08 09:44:31 | INFO  | 完成三级去重 | after_dedup=6, dropped=3
2026-06-08 09:44:31 | INFO  | 时间解析统计 | failed=0, missing=2
2026-06-08 09:44:31 | INFO  | 输出写入完成 | path=D:\藏数据\raw\d2\merged.jsonl, records=6
2026-06-08 09:44:31 | INFO  | ==================================================
2026-06-08 09:44:31 | INFO  | D2 合并去噪脚本完成 | total_input=9, valid_output=6
2026-06-08 09:54:35 | INFO  | ==================================================
2026-06-08 09:54:35 | INFO  | D2 合并去噪脚本启动
2026-06-08 09:54:35 | INFO  | 输入: user_behavior.json + tool_result.json
2026-06-08 09:54:35 | INFO  | 读取输入文件成功 | user=6, tool=3
2026-06-08 09:54:35 | DEBUG | user_behavior 未知字段 | idx=0, warnings=['未知字段: action']
2026-06-08 09:54:35 | DEBUG | user_behavior 未知字段 | idx=1, warnings=['未知字段: action']
2026-06-08 09:54:35 | DEBUG | user_behavior 未知字段 | idx=2, warnings=['未知字段: action']
2026-06-08 09:54:35 | DEBUG | user_behavior 未知字段 | idx=3, warnings=['未知字段: action']
2026-06-08 09:54:35 | DEBUG | user_behavior 未知字段 | idx=4, warnings=['未知字段: action']
2026-06-08 09:54:35 | ERROR | user_behavior 字段校验失败 | idx=5, errors=['缺少必需字段: content', '缺少必需字段: uid']
2026-06-08 09:54:35 | DEBUG | user_behavior 未知字段 | idx=5, warnings=['未知字段: user_id', '未知字段: text', '未知字段: timestamp']
2026-06-08 09:54:35 | WARNING | tool_result 缺失时间字段 | idx=0, uid=None
2026-06-08 09:54:35 | WARNING | tool_result 缺失时间字段 | idx=1, uid=None
2026-06-08 09:54:35 | WARNING | tool_result 缺失时间字段 | idx=2, uid=None
2026-06-08 09:54:35 | INFO  | 完成字段归一化和文本清洗 | valid=9, total=9
2026-06-08 09:54:35 | INFO  | 完成三级去重 | after_dedup=6, dropped=3
2026-06-08 09:54:35 | INFO  | 时间解析统计 | failed=0, missing=2
2026-06-08 09:54:35 | INFO  | 输出写入完成 | path=D:\藏数据\raw\d2\merged.jsonl, records=6
2026-06-08 09:54:35 | INFO  | ==================================================
2026-06-08 09:54:35 | INFO  | D2 合并去噪脚本完成 | total_input=9, valid_output=6
