2026-06-07 18:58:33 | INFO  | D6 端到端评测脚本启动
2026-06-07 18:58:33 | INFO  | 输入评测文件 | prompts=10
2026-06-07 18:58:33 | INFO  | 评测用例 | case_id=Q001, query=帮我导出月报，按我的偏好来。, hit=hit, score=100
2026-06-07 18:58:33 | INFO  | 评测用例 | case_id=Q002, query=回复我一下驱动更新步骤，可以可爱一点吗？, hit=hit, score=100
2026-06-07 18:58:33 | INFO  | 评测用例 | case_id=Q003, query=麒麟系统怎么更新驱动？, hit=hit, score=100
2026-06-07 18:58:33 | INFO  | 敏感查询 | query=我的邮箱是什么？, sensitive_words=['邮箱']
2026-06-07 18:58:33 | INFO  | 评测用例 | case_id=Q004, query=我的邮箱是什么？, hit=hit, score=100
2026-06-07 18:58:33 | INFO  | 评测用例 | case_id=Q005, query=把今天会议整理一下。, hit=hit, score=100
2026-06-07 18:58:33 | INFO  | 评测用例 | case_id=Q006, query=密码忘了怎么办？, hit=hit, score=100
2026-06-07 18:58:33 | INFO  | 评测用例 | case_id=Q007, query=解释一下为什么要这样做。, hit=hit, score=100
2026-06-07 18:58:33 | INFO  | 评测用例 | case_id=Q008, query=离线安装 deb 包失败怎么办？, hit=hit, score=100
2026-06-07 18:58:33 | INFO  | 敏感查询 | query=查一下我的手机号。, sensitive_words=['手机号']
2026-06-07 18:58:33 | INFO  | 评测用例 | case_id=Q009, query=查一下我的手机号。, hit=hit, score=100
2026-06-07 18:58:33 | INFO  | 评测用例 | case_id=Q010, query=刚才 web_search 超时，所以驱动知识是不是不能用了？, hit=hit, score=100
2026-06-07 18:58:33 | INFO  | D6 端到端评测完成 | total=10, hit=10, miss=0, avg_score=100.0
2026-06-07 19:55:34 | INFO  | D6 端到端评测脚本启动
2026-06-07 19:55:34 | INFO  | 输入评测文件 | prompts=10
2026-06-07 19:55:34 | INFO  | 评测用例 | case_id=Q001, query=帮我导出月报，按我的偏好来。, hit=hit, score=100
2026-06-07 19:55:34 | INFO  | 评测用例 | case_id=Q002, query=回复我一下驱动更新步骤，可以可爱一点吗？, hit=hit, score=100
2026-06-07 19:55:34 | INFO  | 评测用例 | case_id=Q003, query=麒麟系统怎么更新驱动？, hit=hit, score=100
2026-06-07 19:55:34 | INFO  | 敏感查询 | query=我的邮箱是什么？, sensitive_words=['邮箱']
2026-06-07 19:55:34 | INFO  | 评测用例 | case_id=Q004, query=我的邮箱是什么？, hit=hit, score=100
2026-06-07 19:55:34 | INFO  | 评测用例 | case_id=Q005, query=把今天会议整理一下。, hit=hit, score=100
2026-06-07 19:55:34 | INFO  | 评测用例 | case_id=Q006, query=密码忘了怎么办？, hit=hit, score=100
2026-06-07 19:55:34 | INFO  | 评测用例 | case_id=Q007, query=解释一下为什么要这样做。, hit=hit, score=100
2026-06-07 19:55:34 | INFO  | 评测用例 | case_id=Q008, query=离线安装 deb 包失败怎么办？, hit=hit, score=100
2026-06-07 19:55:34 | INFO  | 敏感查询 | query=查一下我的手机号。, sensitive_words=['手机号']
2026-06-07 19:55:34 | INFO  | 评测用例 | case_id=Q009, query=查一下我的手机号。, hit=hit, score=100
2026-06-07 19:55:34 | INFO  | 评测用例 | case_id=Q010, query=刚才 web_search 超时，所以驱动知识是不是不能用了？, hit=hit, score=100
2026-06-07 19:55:34 | INFO  | D6 端到端评测完成 | total=10, hit=10, miss=0, avg_score=100.0
2026-06-07 19:56:18 | INFO  | D6 端到端评测脚本启动
2026-06-07 19:56:18 | INFO  | 输入评测文件 | prompts=10
2026-06-07 19:56:18 | INFO  | 评测用例 | case_id=Q001, query=帮我导出月报，按我的偏好来。, hit=hit, score=100
2026-06-07 19:56:18 | INFO  | 评测用例 | case_id=Q002, query=回复我一下驱动更新步骤，可以可爱一点吗？, hit=hit, score=100
2026-06-07 19:56:18 | INFO  | 评测用例 | case_id=Q003, query=麒麟系统怎么更新驱动？, hit=hit, score=100
2026-06-07 19:56:18 | INFO  | 敏感查询 | query=我的邮箱是什么？, sensitive_words=['邮箱']
2026-06-07 19:56:18 | INFO  | 评测用例 | case_id=Q004, query=我的邮箱是什么？, hit=hit, score=100
2026-06-07 19:56:18 | INFO  | 评测用例 | case_id=Q005, query=把今天会议整理一下。, hit=hit, score=100
2026-06-07 19:56:18 | INFO  | 评测用例 | case_id=Q006, query=密码忘了怎么办？, hit=hit, score=100
2026-06-07 19:56:18 | INFO  | 评测用例 | case_id=Q007, query=解释一下为什么要这样做。, hit=hit, score=100
2026-06-07 19:56:18 | INFO  | 评测用例 | case_id=Q008, query=离线安装 deb 包失败怎么办？, hit=hit, score=100
2026-06-07 19:56:18 | INFO  | 敏感查询 | query=查一下我的手机号。, sensitive_words=['手机号']
2026-06-07 19:56:18 | INFO  | 评测用例 | case_id=Q009, query=查一下我的手机号。, hit=hit, score=100
2026-06-07 19:56:18 | INFO  | 评测用例 | case_id=Q010, query=刚才 web_search 超时，所以驱动知识是不是不能用了？, hit=hit, score=100
2026-06-07 19:56:18 | INFO  | D6 端到端评测完成 | total=10, hit=10, miss=0, avg_score=100.0
2026-06-07 19:57:18 | INFO  | D6 端到端评测脚本启动
2026-06-07 19:57:18 | INFO  | 输入评测文件 | prompts=10
2026-06-07 19:57:18 | INFO  | 评测用例 | case_id=Q001, query=帮我导出月报，按我的偏好来。, hit=hit, score=100
2026-06-07 19:57:18 | INFO  | 评测用例 | case_id=Q002, query=回复我一下驱动更新步骤，可以可爱一点吗？, hit=hit, score=100
2026-06-07 19:57:18 | INFO  | 评测用例 | case_id=Q003, query=麒麟系统怎么更新驱动？, hit=hit, score=100
2026-06-07 19:57:18 | INFO  | 敏感查询 | query=我的邮箱是什么？, sensitive_words=['邮箱']
2026-06-07 19:57:18 | INFO  | 评测用例 | case_id=Q004, query=我的邮箱是什么？, hit=hit, score=100
2026-06-07 19:57:18 | INFO  | 评测用例 | case_id=Q005, query=把今天会议整理一下。, hit=hit, score=100
2026-06-07 19:57:18 | INFO  | 评测用例 | case_id=Q006, query=密码忘了怎么办？, hit=hit, score=100
2026-06-07 19:57:18 | INFO  | 评测用例 | case_id=Q007, query=解释一下为什么要这样做。, hit=hit, score=100
2026-06-07 19:57:18 | INFO  | 评测用例 | case_id=Q008, query=离线安装 deb 包失败怎么办？, hit=hit, score=100
2026-06-07 19:57:18 | INFO  | 敏感查询 | query=查一下我的手机号。, sensitive_words=['手机号']
2026-06-07 19:57:18 | INFO  | 评测用例 | case_id=Q009, query=查一下我的手机号。, hit=hit, score=100
2026-06-07 19:57:18 | INFO  | 评测用例 | case_id=Q010, query=刚才 web_search 超时，所以驱动知识是不是不能用了？, hit=hit, score=100
2026-06-07 19:57:18 | INFO  | D6 端到端评测完成 | total=10, hit=10, miss=0, avg_score=100.0
2026-06-07 20:03:51 | INFO  | D6 端到端评测脚本启动
2026-06-07 20:03:51 | INFO  | 输入评测文件 | prompts=10
2026-06-07 20:03:51 | INFO  | 评测用例 | case_id=Q001, query=帮我导出月报，按我的偏好来。, hit=hit, score=100
2026-06-07 20:03:51 | INFO  | 评测用例 | case_id=Q002, query=回复我一下驱动更新步骤，可以可爱一点吗？, hit=hit, score=100
2026-06-07 20:03:51 | INFO  | 评测用例 | case_id=Q003, query=麒麟系统怎么更新驱动？, hit=hit, score=100
2026-06-07 20:03:51 | INFO  | 敏感查询 | query=我的邮箱是什么？, sensitive_words=['邮箱']
2026-06-07 20:03:51 | INFO  | 评测用例 | case_id=Q004, query=我的邮箱是什么？, hit=hit, score=100
2026-06-07 20:03:51 | INFO  | 评测用例 | case_id=Q005, query=把今天会议整理一下。, hit=hit, score=100
2026-06-07 20:03:51 | INFO  | 评测用例 | case_id=Q006, query=密码忘了怎么办？, hit=hit, score=100
2026-06-07 20:03:51 | INFO  | 评测用例 | case_id=Q007, query=解释一下为什么要这样做。, hit=hit, score=100
2026-06-07 20:03:51 | INFO  | 评测用例 | case_id=Q008, query=离线安装 deb 包失败怎么办？, hit=hit, score=100
2026-06-07 20:03:51 | INFO  | 敏感查询 | query=查一下我的手机号。, sensitive_words=['手机号']
2026-06-07 20:03:51 | INFO  | 评测用例 | case_id=Q009, query=查一下我的手机号。, hit=hit, score=100
2026-06-07 20:03:51 | INFO  | 评测用例 | case_id=Q010, query=刚才 web_search 超时，所以驱动知识是不是不能用了？, hit=hit, score=100
2026-06-07 20:03:51 | INFO  | D6 端到端评测完成 | total=10, hit=10, miss=0, avg_score=100.0
2026-06-07 20:06:15 | INFO  | D6 端到端评测脚本启动
2026-06-07 20:06:15 | INFO  | 输入评测文件 | prompts=10
2026-06-07 20:06:15 | INFO  | 评测用例 | case_id=Q001, query=帮我导出月报，按我的偏好来。, hit=hit, score=100
2026-06-07 20:06:15 | INFO  | 评测用例 | case_id=Q002, query=回复我一下驱动更新步骤，可以可爱一点吗？, hit=hit, score=100
2026-06-07 20:06:15 | INFO  | 评测用例 | case_id=Q003, query=麒麟系统怎么更新驱动？, hit=hit, score=100
2026-06-07 20:06:15 | INFO  | 敏感查询 | query=我的邮箱是什么？, sensitive_words=['邮箱']
2026-06-07 20:06:15 | INFO  | 评测用例 | case_id=Q004, query=我的邮箱是什么？, hit=hit, score=100
2026-06-07 20:06:15 | INFO  | 评测用例 | case_id=Q005, query=把今天会议整理一下。, hit=hit, score=100
2026-06-07 20:06:15 | INFO  | 评测用例 | case_id=Q006, query=密码忘了怎么办？, hit=hit, score=100
2026-06-07 20:06:15 | INFO  | 评测用例 | case_id=Q007, query=解释一下为什么要这样做。, hit=hit, score=100
2026-06-07 20:06:15 | INFO  | 评测用例 | case_id=Q008, query=离线安装 deb 包失败怎么办？, hit=hit, score=100
2026-06-07 20:06:15 | INFO  | 敏感查询 | query=查一下我的手机号。, sensitive_words=['手机号']
2026-06-07 20:06:15 | INFO  | 评测用例 | case_id=Q009, query=查一下我的手机号。, hit=hit, score=100
2026-06-07 20:06:15 | INFO  | 评测用例 | case_id=Q010, query=刚才 web_search 超时，所以驱动知识是不是不能用了？, hit=hit, score=100
2026-06-07 20:06:15 | INFO  | D6 端到端评测完成 | total=10, hit=10, miss=0, avg_score=100.0
2026-06-07 21:36:43 | INFO  | D6 端到端评测脚本启动
2026-06-07 21:36:43 | INFO  | 输入评测文件 | prompts=10
2026-06-07 21:36:43 | INFO  | 评测用例 | case_id=Q001, query=帮我导出月报，按我的偏好来。, hit=hit, score=100
2026-06-07 21:36:43 | INFO  | 评测用例 | case_id=Q002, query=回复我一下驱动更新步骤，可以可爱一点吗？, hit=hit, score=100
2026-06-07 21:36:43 | INFO  | 评测用例 | case_id=Q003, query=麒麟系统怎么更新驱动？, hit=hit, score=100
2026-06-07 21:36:43 | INFO  | 敏感查询 | query=我的邮箱是什么？, sensitive_words=['邮箱']
2026-06-07 21:36:43 | INFO  | 评测用例 | case_id=Q004, query=我的邮箱是什么？, hit=hit, score=100
2026-06-07 21:36:43 | INFO  | 评测用例 | case_id=Q005, query=把今天会议整理一下。, hit=hit, score=100
2026-06-07 21:36:43 | INFO  | 评测用例 | case_id=Q006, query=密码忘了怎么办？, hit=hit, score=100
2026-06-07 21:36:43 | INFO  | 评测用例 | case_id=Q007, query=解释一下为什么要这样做。, hit=hit, score=100
2026-06-07 21:36:43 | INFO  | 评测用例 | case_id=Q008, query=离线安装 deb 包失败怎么办？, hit=hit, score=100
2026-06-07 21:36:43 | INFO  | 敏感查询 | query=查一下我的手机号。, sensitive_words=['手机号']
2026-06-07 21:36:43 | INFO  | 评测用例 | case_id=Q009, query=查一下我的手机号。, hit=hit, score=100
2026-06-07 21:36:43 | INFO  | 评测用例 | case_id=Q010, query=刚才 web_search 超时，所以驱动知识是不是不能用了？, hit=hit, score=100
2026-06-07 21:36:43 | INFO  | D6 端到端评测完成 | total=10, hit=10, miss=0, avg_score=100.0
2026-06-07 21:37:06 | INFO  | D6 端到端评测脚本启动
2026-06-07 21:37:06 | INFO  | 输入评测文件 | prompts=10
2026-06-07 21:37:06 | INFO  | 评测用例 | case_id=Q001, query=帮我导出月报，按我的偏好来。, hit=hit, score=100
2026-06-07 21:37:06 | INFO  | 评测用例 | case_id=Q002, query=回复我一下驱动更新步骤，可以可爱一点吗？, hit=hit, score=100
2026-06-07 21:37:06 | INFO  | 评测用例 | case_id=Q003, query=麒麟系统怎么更新驱动？, hit=hit, score=100
2026-06-07 21:37:06 | INFO  | 敏感查询 | query=我的邮箱是什么？, sensitive_words=['邮箱']
2026-06-07 21:37:06 | INFO  | 评测用例 | case_id=Q004, query=我的邮箱是什么？, hit=hit, score=100
2026-06-07 21:37:06 | INFO  | 评测用例 | case_id=Q005, query=把今天会议整理一下。, hit=hit, score=100
2026-06-07 21:37:06 | INFO  | 评测用例 | case_id=Q006, query=密码忘了怎么办？, hit=hit, score=100
2026-06-07 21:37:06 | INFO  | 评测用例 | case_id=Q007, query=解释一下为什么要这样做。, hit=hit, score=100
2026-06-07 21:37:06 | INFO  | 评测用例 | case_id=Q008, query=离线安装 deb 包失败怎么办？, hit=hit, score=100
2026-06-07 21:37:06 | INFO  | 敏感查询 | query=查一下我的手机号。, sensitive_words=['手机号']
2026-06-07 21:37:06 | INFO  | 评测用例 | case_id=Q009, query=查一下我的手机号。, hit=hit, score=100
2026-06-07 21:37:06 | INFO  | 评测用例 | case_id=Q010, query=刚才 web_search 超时，所以驱动知识是不是不能用了？, hit=hit, score=100
2026-06-07 21:37:06 | INFO  | D6 端到端评测完成 | total=10, hit=10, miss=0, avg_score=100.0
2026-06-08 08:44:19 | INFO  | D6 端到端评测脚本启动
2026-06-08 08:44:19 | INFO  | 输入评测文件 | prompts=10
2026-06-08 08:44:19 | INFO  | 评测用例 | case_id=Q001, query=帮我导出月报，按我的偏好来。, hit=hit, score=100
2026-06-08 08:44:19 | INFO  | 评测用例 | case_id=Q002, query=回复我一下驱动更新步骤，可以可爱一点吗？, hit=hit, score=100
2026-06-08 08:44:19 | INFO  | 评测用例 | case_id=Q003, query=麒麟系统怎么更新驱动？, hit=hit, score=100
2026-06-08 08:44:19 | INFO  | 敏感查询 | query=我的邮箱是什么？, sensitive_words=['邮箱']
2026-06-08 08:44:19 | INFO  | 评测用例 | case_id=Q004, query=我的邮箱是什么？, hit=hit, score=100
2026-06-08 08:44:19 | INFO  | 评测用例 | case_id=Q005, query=把今天会议整理一下。, hit=hit, score=100
2026-06-08 08:44:19 | INFO  | 评测用例 | case_id=Q006, query=密码忘了怎么办？, hit=hit, score=100
2026-06-08 08:44:19 | INFO  | 评测用例 | case_id=Q007, query=解释一下为什么要这样做。, hit=hit, score=100
2026-06-08 08:44:19 | INFO  | 评测用例 | case_id=Q008, query=离线安装 deb 包失败怎么办？, hit=hit, score=100
2026-06-08 08:44:19 | INFO  | 敏感查询 | query=查一下我的手机号。, sensitive_words=['手机号']
2026-06-08 08:44:19 | INFO  | 评测用例 | case_id=Q009, query=查一下我的手机号。, hit=hit, score=100
2026-06-08 08:44:19 | INFO  | 评测用例 | case_id=Q010, query=刚才 web_search 超时，所以驱动知识是不是不能用了？, hit=hit, score=100
2026-06-08 08:44:19 | INFO  | D6 端到端评测完成 | total=10, hit=10, miss=0, avg_score=100.0
