2026-06-07 18:55:19 | INFO  | D3 基础清洗脚本启动
2026-06-07 18:55:19 | INFO  | 输入文件 | path=D:\藏数据\raw\d3\chat_sessions_dirty.csv
2026-06-07 18:55:19 | INFO  | 完成精确去重 | dropped=1, kept=10
2026-06-07 18:55:19 | ERROR | 字段校验失败 | row_idx=0, errors=(True, [], [])
2026-06-07 18:55:19 | ERROR | 字段校验失败 | row_idx=1, errors=(True, [], [])
2026-06-07 18:55:19 | ERROR | 字段校验失败 | row_idx=2, errors=(True, [], [])
2026-06-07 18:55:19 | ERROR | 字段校验失败 | row_idx=3, errors=(True, [], [])
2026-06-07 18:55:19 | ERROR | 字段校验失败 | row_idx=4, errors=(True, [], [])
2026-06-07 18:55:19 | ERROR | 字段校验失败 | row_idx=5, errors=(True, [], [])
2026-06-07 18:55:19 | ERROR | 字段校验失败 | row_idx=6, errors=(False, ['字段 message 校验失败: 字段为空'], [])
2026-06-07 18:55:19 | ERROR | 字段校验失败 | row_idx=7, errors=(True, [], [])
2026-06-07 18:55:19 | ERROR | 字段校验失败 | row_idx=8, errors=(False, ['字段 user_id 校验失败: uid 为空'], [])
2026-06-07 18:55:19 | ERROR | 字段校验失败 | row_idx=9, errors=(False, ['字段 user_id 校验失败: uid 为空'], [])
2026-06-07 18:55:19 | INFO  | 完成清洗 | valid=10, privacy=1, sensitive=0
2026-06-07 18:55:19 | INFO  | D3 基础清洗脚本完成 | total_input=11, valid_output=10
2026-06-07 18:58:00 | INFO  | D3 基础清洗脚本启动
2026-06-07 18:58:00 | INFO  | 输入文件 | path=D:\藏数据\raw\d3\chat_sessions_dirty.csv
2026-06-07 18:58:00 | INFO  | 完成精确去重 | dropped=1, kept=10
2026-06-07 18:58:00 | ERROR | 字段校验失败 | row_idx=6, errors=['字段 message 校验失败: 字段为空']
2026-06-07 18:58:00 | ERROR | 字段校验失败 | row_idx=8, errors=['字段 user_id 校验失败: uid 为空']
2026-06-07 18:58:00 | ERROR | 字段校验失败 | row_idx=9, errors=['字段 user_id 校验失败: uid 为空']
2026-06-07 18:58:00 | INFO  | 完成清洗 | valid=10, privacy=1, sensitive=0
2026-06-07 18:58:00 | INFO  | D3 基础清洗脚本完成 | total_input=11, valid_output=10
2026-06-07 19:55:34 | INFO  | D3 基础清洗脚本启动
2026-06-07 19:55:34 | INFO  | 输入文件 | path=D:\藏数据\raw\d3\chat_sessions_dirty.csv
2026-06-07 19:55:34 | INFO  | 完成精确去重 | dropped=1, kept=10
2026-06-07 19:55:34 | ERROR | 字段校验失败 | row_idx=6, errors=['字段 message 校验失败: 字段为空']
2026-06-07 19:55:34 | ERROR | 字段校验失败 | row_idx=8, errors=['字段 user_id 校验失败: uid 为空']
2026-06-07 19:55:34 | ERROR | 字段校验失败 | row_idx=9, errors=['字段 user_id 校验失败: uid 为空']
2026-06-07 19:55:34 | INFO  | 完成清洗 | valid=10, privacy=1, sensitive=0
2026-06-07 19:55:34 | INFO  | D3 基础清洗脚本完成 | total_input=11, valid_output=10
2026-06-07 19:56:17 | INFO  | D3 基础清洗脚本启动
2026-06-07 19:56:17 | INFO  | 输入文件 | path=D:\藏数据\raw\d3\chat_sessions_dirty.csv
2026-06-07 19:56:17 | INFO  | 完成精确去重 | dropped=1, kept=10
2026-06-07 19:56:17 | ERROR | 字段校验失败 | row_idx=6, errors=['字段 message 校验失败: 字段为空']
2026-06-07 19:56:17 | ERROR | 字段校验失败 | row_idx=8, errors=['字段 user_id 校验失败: uid 为空']
2026-06-07 19:56:17 | ERROR | 字段校验失败 | row_idx=9, errors=['字段 user_id 校验失败: uid 为空']
2026-06-07 19:56:17 | INFO  | 完成清洗 | valid=10, privacy=1, sensitive=0
2026-06-07 19:56:17 | INFO  | D3 基础清洗脚本完成 | total_input=11, valid_output=10
2026-06-07 19:57:18 | INFO  | D3 基础清洗脚本启动
2026-06-07 19:57:18 | INFO  | 输入文件 | path=D:\藏数据\raw\d3\chat_sessions_dirty.csv
2026-06-07 19:57:18 | INFO  | 完成精确去重 | dropped=1, kept=10
2026-06-07 19:57:18 | ERROR | 字段校验失败 | row_idx=6, errors=['字段 message 校验失败: 字段为空']
2026-06-07 19:57:18 | ERROR | 字段校验失败 | row_idx=8, errors=['字段 user_id 校验失败: uid 为空']
2026-06-07 19:57:18 | ERROR | 字段校验失败 | row_idx=9, errors=['字段 user_id 校验失败: uid 为空']
2026-06-07 19:57:18 | INFO  | 完成清洗 | valid=10, privacy=1, sensitive=0
2026-06-07 19:57:18 | INFO  | D3 基础清洗脚本完成 | total_input=11, valid_output=10
2026-06-07 20:03:51 | INFO  | D3 基础清洗脚本启动
2026-06-07 20:03:51 | INFO  | 输入文件 | path=D:\藏数据\raw\d3\chat_sessions_dirty.csv
2026-06-07 20:03:51 | INFO  | 完成精确去重 | dropped=1, kept=10
2026-06-07 20:03:51 | ERROR | 字段校验失败 | row_idx=6, errors=['字段 message 校验失败: 字段为空']
2026-06-07 20:03:51 | ERROR | 字段校验失败 | row_idx=8, errors=['字段 user_id 校验失败: uid 为空']
2026-06-07 20:03:51 | ERROR | 字段校验失败 | row_idx=9, errors=['字段 user_id 校验失败: uid 为空']
2026-06-07 20:03:51 | INFO  | 完成清洗 | valid=10, privacy=1, sensitive=0
2026-06-07 20:03:51 | INFO  | D3 基础清洗脚本完成 | total_input=11, valid_output=10
2026-06-07 20:06:15 | INFO  | D3 基础清洗脚本启动
2026-06-07 20:06:15 | INFO  | 输入文件 | path=D:\藏数据\raw\d3\chat_sessions_dirty.csv
2026-06-07 20:06:15 | INFO  | 完成精确去重 | dropped=1, kept=10
2026-06-07 20:06:15 | ERROR | 字段校验失败 | row_idx=6, errors=['字段 message 校验失败: 字段为空']
2026-06-07 20:06:15 | ERROR | 字段校验失败 | row_idx=8, errors=['字段 user_id 校验失败: uid 为空']
2026-06-07 20:06:15 | ERROR | 字段校验失败 | row_idx=9, errors=['字段 user_id 校验失败: uid 为空']
2026-06-07 20:06:15 | INFO  | 完成清洗 | valid=10, privacy=1, sensitive=0
2026-06-07 20:06:15 | INFO  | D3 基础清洗脚本完成 | total_input=11, valid_output=10
2026-06-07 21:36:42 | INFO  | D3 基础清洗脚本启动
2026-06-07 21:36:42 | INFO  | 输入文件 | path=D:\藏数据\raw\d3\chat_sessions_dirty.csv
2026-06-07 21:36:42 | INFO  | 完成精确去重 | dropped=1, kept=10
2026-06-07 21:36:42 | ERROR | 字段校验失败 | row_idx=6, errors=['字段 message 校验失败: 字段为空']
2026-06-07 21:36:42 | ERROR | 字段校验失败 | row_idx=8, errors=['字段 user_id 校验失败: uid 为空']
2026-06-07 21:36:42 | ERROR | 字段校验失败 | row_idx=9, errors=['字段 user_id 校验失败: uid 为空']
2026-06-07 21:36:42 | INFO  | 完成清洗 | valid=10, privacy=1, sensitive=0
2026-06-07 21:36:42 | INFO  | D3 基础清洗脚本完成 | total_input=11, valid_output=10
2026-06-07 21:37:06 | INFO  | D3 基础清洗脚本启动
2026-06-07 21:37:06 | INFO  | 输入文件 | path=D:\藏数据\raw\d3\chat_sessions_dirty.csv
2026-06-07 21:37:06 | INFO  | 完成精确去重 | dropped=1, kept=10
2026-06-07 21:37:06 | ERROR | 字段校验失败 | row_idx=6, errors=['字段 message 校验失败: 字段为空']
2026-06-07 21:37:06 | ERROR | 字段校验失败 | row_idx=8, errors=['字段 user_id 校验失败: uid 为空']
2026-06-07 21:37:06 | ERROR | 字段校验失败 | row_idx=9, errors=['字段 user_id 校验失败: uid 为空']
2026-06-07 21:37:06 | INFO  | 完成清洗 | valid=10, privacy=1, sensitive=0
2026-06-07 21:37:06 | INFO  | D3 基础清洗脚本完成 | total_input=11, valid_output=10
